mvn : WARNING: A restricted method in 
java.lang.System has been called
At line:1 char:1
+ mvn clean package > build_error.log 2>&1
+ ~~~~~~~~~~~~~~~~~~~~~~~~~~~~~~~~~~~~~~~~
    + CategoryInfo          : NotSpecified: (WARN 
   ING: A rest...has been called:String) [], Rem  
  oteException
    + FullyQualifiedErrorId : NativeCommandError
 
WARNING: java.lang.System::load has been called 
by org.fusesource.jansi.internal.JansiLoader in 
an unnamed module 
(file:/C:/Maven/lib/jansi-2.4.1.jar)
WARNING: Use --enable-native-access=ALL-UNNAMED 
to avoid a warning for callers in this module
WARNING: Restricted methods will be blocked in a 
future release unless native access is enabled

WARNING: A terminally deprecated method in 
sun.misc.Unsafe has been called
WARNING: sun.misc.Unsafe::objectFieldOffset has 
been called by com.google.common.util.concurrent.A
bstractFuture$UnsafeAtomicHelper 
(file:/C:/Maven/lib/guava-33.2.1-jre.jar)
WARNING: Please consider reporting this to the 
maintainers of class com.google.common.util.concur
rent.AbstractFuture$UnsafeAtomicHelper
WARNING: sun.misc.Unsafe::objectFieldOffset will 
be removed in a future release
[INFO] Scanning for projects...
[INFO] 
[INFO] ---------------------< dev.sepehrhn:cheesefactory >---------------------
[INFO] Building CheeseFactory 1.0.0-SNAPSHOT
[INFO]   from pom.xml
[INFO] --------------------------------[ jar ]---------------------------------
[INFO] 
[INFO] --- clean:3.2.0:clean (default-clean) @ cheesefactory ---
[INFO] Deleting D:\Semarina\CheeseFactory\target
[INFO] 
[INFO] --- resources:3.3.1:resources (default-resources) @ cheesefactory ---
[INFO] Copying 5 resources from src\main\resources to target\classes
[INFO] 
[INFO] --- compiler:3.11.0:compile (default-compile) @ cheesefactory ---
[INFO] Changes detected - recompiling the module! :source
[INFO] Compiling 21 source files with javac [debug release 21] to target\classes
[INFO] /D:/Semarina/CheeseFactory/src/main/java/dev/sepehrhn/cheesefactory/cheese/CheeseRegistry.java: Some input files use or override a deprecated API.
[INFO] /D:/Semarina/CheeseFactory/src/main/java/dev/sepehrhn/cheesefactory/cheese/CheeseRegistry.java: Recompile with -Xlint:deprecation for details.
[INFO] Some messages have been simplified; recompile with -Xdiags:verbose to get full output
[INFO] -------------------------------------------------------------
[ERROR] COMPILATION ERROR : 
[INFO] -------------------------------------------------------------
[ERROR] /D:/Semarina/CheeseFactory/src/main/java/dev/sepehrhn/cheesefactory/CheeseFactoryPlugin.java:[147,71] method getInt in class dev.sepehrhn.cheesefactory.config.ConfigUtil cannot be applied to given types;
  required: org.bukkit.configuration.file.FileConfiguration,java.util.logging.Logger,java.lang.String,java.lang.String,int
  found:    org.bukkit.configuration.file.FileConfiguration,java.util.logging.Logger,java.lang.String,int
  reason: actual and formal argument lists differ in length
[ERROR] /D:/Semarina/CheeseFactory/src/main/java/dev/sepehrhn/cheesefactory/CheeseFactoryPlugin.java:[147,143] incompatible types: int cannot be converted to java.lang.String
[ERROR] /D:/Semarina/CheeseFactory/src/main/java/dev/sepehrhn/cheesefactory/item/CheeseItemManager.java:[62,39] method getInt in class dev.sepehrhn.cheesefactory.config.ConfigUtil cannot be applied to given types;
  required: org.bukkit.configuration.file.FileConfiguration,java.util.logging.Logger,java.lang.String,java.lang.String,int
  found:    org.bukkit.configuration.file.FileConfiguration,java.util.logging.Logger,java.lang.String,int
  reason: actual and formal argument lists differ in length
[INFO] 3 errors 
[INFO] -------------------------------------------------------------
[INFO] ------------------------------------------------------------------------
[INFO] BUILD FAILURE
[INFO] ------------------------------------------------------------------------
[INFO] Total time:  3.030 s
[INFO] Finished at: 2025-11-22T04:01:20+03:00
[INFO] ------------------------------------------------------------------------
[ERROR] Failed to execute goal org.apache.maven.plugins:maven-compiler-plugin:3.11.0:compile (default-compile) on project cheesefactory: Compilation failure: Compilation failure: 
[ERROR] /D:/Semarina/CheeseFactory/src/main/java/dev/sepehrhn/cheesefactory/CheeseFactoryPlugin.java:[147,71] method getInt in class dev.sepehrhn.cheesefactory.config.ConfigUtil cannot be applied to given types;
[ERROR]   required: org.bukkit.configuration.file.FileConfiguration,java.util.logging.Logger,java.lang.String,java.lang.String,int
[ERROR]   found:    org.bukkit.configuration.file.FileConfiguration,java.util.logging.Logger,java.lang.String,int
[ERROR]   reason: actual and formal argument lists differ in length
[ERROR] /D:/Semarina/CheeseFactory/src/main/java/dev/sepehrhn/cheesefactory/CheeseFactoryPlugin.java:[147,143] incompatible types: int cannot be converted to java.lang.String
[ERROR] /D:/Semarina/CheeseFactory/src/main/java/dev/sepehrhn/cheesefactory/item/CheeseItemManager.java:[62,39] method getInt in class dev.sepehrhn.cheesefactory.config.ConfigUtil cannot be applied to given types;
[ERROR]   required: org.bukkit.configuration.file.FileConfiguration,java.util.logging.Logger,java.lang.String,java.lang.String,int
[ERROR]   found:    org.bukkit.configuration.file.FileConfiguration,java.util.logging.Logger,java.lang.String,int
[ERROR]   reason: actual and formal argument lists differ in length
[ERROR] -> [Help 1]
[ERROR] 
[ERROR] To see the full stack trace of the errors, re-run Maven with the -e switch.
[ERROR] Re-run Maven using the -X switch to enable full debug logging.
[ERROR] 
[ERROR] For more information about the errors and possible solutions, please read the following articles:
[ERROR] [Help 1] http://cwiki.apache.org/confluence/display/MAVEN/MojoFailureException
